// Jest Snapshot v1, https://goo.gl/fbAQLP

exports[`renders correctly 1`] = `
<main
  className=""
>
  <div
    className=""
  >
    ;
  </div>
</main>
`;
